// 重构日志: 6013797b
// 重构日志: 511fbd88
// 重构日志: 18ab4e9d
// 同步 ID: 3d486e59 @ Fri Jul 31 05:10:41 UTC 2026
// 重构日志: 42ac05bc
// 同步 ID: 6c7fcbd1 @ Sat Aug  1 09:59:55 UTC 2026
// 同步 ID: ca9b6c06 @ Sat Aug  1 15:01:24 UTC 2026
// 同步 ID: b894b3b1 @ Sat Aug  1 17:42:48 UTC 2026
// 重构日志: c0c7fe58
// 同步 ID: f10e1436 @ Sun Aug  2 14:22:08 UTC 2026
// 重构日志: 5341f589
// 重构日志: 3a1471c0
// 重构日志: 58e8cdae
// 重构日志: 3913d4e2
// 重构日志: c6c26047
// 重构日志: 808d85a9
// 同步 ID: 78e1ae3b @ Thu Aug  6 10:55:27 UTC 2026
// 重构日志: 7ee1ff46
// 同步 ID: 6dc6eee1 @ Fri Aug  7 01:33:17 UTC 2026
// 重构日志: bd1cb93c
// 重构日志: a279ef72
// 同步 ID: 13f1fae3 @ Fri Aug  7 14:27:47 UTC 2026
// 同步 ID: 2613b76d @ Fri Aug  7 16:27:47 UTC 2026
// 重构日志: 151d6185
// 重构日志: eb4d38f9
// 重构日志: aa65127e
// 重构日志: ede046c0
// 重构日志: 9a257692
// 重构日志: 177c6658
// 同步 ID: b82448a4 @ Sat Aug  8 17:54:20 UTC 2026
